     VMA      LMA     Size Align Out     In      Symbol
       0        0 80200000     1 . = 0x80200000
80200000        0        0     1 __kernel_base = .
80200000 80200000      95c     4 .text
80200000 80200000        e     2         /var/folders/jz/mmnm3rv902x2tttyr_9rp1nw0000gn/T/kernel-f16351.o:(.text.boot)
80200000 80200000        0     1                 .L0 
80200000 80200000        0     1                 .L0 
80200000 80200000        0     1                 $x
80200000 80200000        0     1                 .L0 
80200000 80200000        e     1                 boot
8020000e 8020000e        0     1                 .L0 
8020000e 8020000e        0     1                 .L0 
80200010 80200010      614     4         /var/folders/jz/mmnm3rv902x2tttyr_9rp1nw0000gn/T/kernel-f16351.o:(.text)
80200010 80200010        0     1                 .L0 
80200010 80200010        0     1                 .L0 
80200010 80200010        0     1                 $x
80200010 80200010        0     1                 .L0 
80200010 80200010       10     1                 delay
80200018 80200018        0     1                 .L0 
80200018 80200018        0     1                 .L0 
80200018 80200018        0     1                 .L0 
8020001a 8020001a        0     1                 .L0 
8020001c 8020001c        0     1                 .L0 
8020001e 8020001e        0     1                 .L0 
8020001e 8020001e        0     1                 .L0 
80200020 80200020        0     1                 .L0 
80200020 80200020        0     1                 .L0 
80200020 80200020        0     1                 .L0 
80200020 80200020        0     1                 .L0 
80200020 80200020        0     1                 .L0 
80200020 80200020      196     1                 yield
8020002a 8020002a        0     1                 .L0 
8020002e 8020002e        0     1                 .L0 
8020002e 8020002e        0     1                 .L0 
8020003c 8020003c        0     1                 .L0 
8020004e 8020004e        0     1                 .L0 
8020004e 8020004e        0     1                 .L0 
80200050 80200050        0     1                 .L0 
80200050 80200050        0     1                 .L0 
80200054 80200054        0     1                 .L0 
80200054 80200054        0     1                 .L0 
80200056 80200056        0     1                 .L0 
80200056 80200056        0     1                 .L0 
8020005a 8020005a        0     1                 .L0 
8020005c 8020005c        0     1                 .L0 
80200060 80200060        0     1                 .L0 
80200060 80200060        0     1                 .L0 
80200060 80200060        0     1                 .L0 
80200064 80200064        0     1                 .L0 
80200068 80200068        0     1                 .L0 
80200070 80200070        0     1                 .L0 
8020007c 8020007c        0     1                 .L0 
8020007c 8020007c        0     1                 .L0 
8020007e 8020007e        0     1                 .L0 
80200082 80200082        0     1                 .L0 
80200084 80200084        0     1                 .L0 
80200088 80200088        0     1                 .L0 
80200088 80200088        0     1                 .L0 
80200088 80200088        0     1                 .L0 
8020008c 8020008c        0     1                 .L0 
80200090 80200090        0     1                 .L0 
80200098 80200098        0     1                 .L0 
802000a4 802000a4        0     1                 .L0 
802000a4 802000a4        0     1                 .L0 
802000a8 802000a8        0     1                 .L0 
802000ac 802000ac        0     1                 .L0 
802000ae 802000ae        0     1                 .L0 
802000b2 802000b2        0     1                 .L0 
802000b2 802000b2        0     1                 .L0 
802000b2 802000b2        0     1                 .L0 
802000b6 802000b6        0     1                 .L0 
802000ba 802000ba        0     1                 .L0 
802000c2 802000c2        0     1                 .L0 
802000ce 802000ce        0     1                 .L0 
802000ce 802000ce        0     1                 .L0 
802000d0 802000d0        0     1                 .L0 
802000d4 802000d4        0     1                 .L0 
802000d6 802000d6        0     1                 .L0 
802000da 802000da        0     1                 .L0 
802000da 802000da        0     1                 .L0 
802000da 802000da        0     1                 .L0 
802000de 802000de        0     1                 .L0 
802000e2 802000e2        0     1                 .L0 
802000ea 802000ea        0     1                 .L0 
802000f6 802000f6        0     1                 .L0 
802000f6 802000f6        0     1                 .L0 
802000fa 802000fa        0     1                 .L0 
802000fe 802000fe        0     1                 .L0 
80200100 80200100        0     1                 .L0 
80200104 80200104        0     1                 .L0 
80200104 80200104        0     1                 .L0 
80200104 80200104        0     1                 .L0 
80200108 80200108        0     1                 .L0 
8020010c 8020010c        0     1                 .L0 
80200114 80200114        0     1                 .L0 
80200120 80200120        0     1                 .L0 
80200120 80200120        0     1                 .L0 
80200122 80200122        0     1                 .L0 
80200126 80200126        0     1                 .L0 
80200128 80200128        0     1                 .L0 
8020012c 8020012c        0     1                 .L0 
8020012c 8020012c        0     1                 .L0 
8020012c 8020012c        0     1                 .L0 
80200130 80200130        0     1                 .L0 
80200134 80200134        0     1                 .L0 
8020013c 8020013c        0     1                 .L0 
80200148 80200148        0     1                 .L0 
80200148 80200148        0     1                 .L0 
8020014c 8020014c        0     1                 .L0 
80200150 80200150        0     1                 .L0 
80200152 80200152        0     1                 .L0 
80200156 80200156        0     1                 .L0 
80200156 80200156        0     1                 .L0 
80200156 80200156        0     1                 .L0 
80200158 80200158        0     1                 .L0 
80200164 80200164        0     1                 .L0 
80200170 80200170        0     1                 .L0 
80200172 80200172        0     1                 .L0 
80200176 80200176        0     1                 .L0 
80200178 80200178        0     1                 .L0 
8020017c 8020017c        0     1                 .L0 
8020017c 8020017c        0     1                 .L0 
8020017c 8020017c        0     1                 .L0 
8020017e 8020017e        0     1                 .L0 
8020017e 8020017e        0     1                 .L0 
8020017e 8020017e        0     1                 .L0 
80200182 80200182        0     1                 .L0 
80200182 80200182        0     1                 .L0 
80200184 80200184        0     1                 .L0 
8020018c 8020018c        0     1                 .L0 
80200192 80200192        0     1                 .L0 
80200198 80200198        0     1                 .L0 
8020019c 8020019c        0     1                 .L0 
8020019e 8020019e        0     1                 .L0 
8020019e 8020019e        0     1                 .L0 
802001a2 802001a2        0     1                 .L0 
802001b2 802001b2        0     1                 .L0 
802001b2 802001b2        0     1                 .L0 
802001b4 802001b4        0     1                 .L0 
802001b4 802001b4        0     1                 .L0 
802001b6 802001b6        0     1                 .L0 
802001b6 802001b6        0     1                 .L0 
802001b6 802001b6        0     1                 .L0 
802001b6 802001b6        0     1                 .L0 
802001b6 802001b6        0     1                 .L0 
802001b6 802001b6       46     1                 switch_context
802001fc 802001fc        0     1                 .L0 
802001fc 802001fc        0     1                 .L0 
802001fc 802001fc        0     1                 .L0 
802001fc 802001fc      164     1                 create_process
80200210 80200210        0     1                 .L0 
8020021c 8020021c        0     1                 .L0 
8020021c 8020021c        0     1                 .L0 
8020021e 8020021e        0     1                 .L0 
8020021e 8020021e        0     1                 .L0 
80200226 80200226        0     1                 .L0 
80200228 80200228        0     1                 .L0 
80200228 80200228        0     1                 .L0 
80200230 80200230        0     1                 .L0 
80200232 80200232        0     1                 .L0 
80200232 80200232        0     1                 .L0 
8020023a 8020023a        0     1                 .L0 
8020023c 8020023c        0     1                 .L0 
8020023c 8020023c        0     1                 .L0 
80200244 80200244        0     1                 .L0 
80200246 80200246        0     1                 .L0 
80200246 80200246        0     1                 .L0 
8020024e 8020024e        0     1                 .L0 
80200250 80200250        0     1                 .L0 
80200250 80200250        0     1                 .L0 
80200258 80200258        0     1                 .L0 
8020025a 8020025a        0     1                 .L0 
8020025a 8020025a        0     1                 .L0 
80200262 80200262        0     1                 .L0 
80200264 80200264        0     1                 .L0 
80200264 80200264        0     1                 .L0 
80200268 80200268        0     1                 .L0 
8020027a 8020027a        0     1                 .L0 
8020027a 8020027a        0     1                 .L0 
8020027c 8020027c        0     1                 .L0 
8020027c 8020027c        0     1                 .L0 
8020027c 8020027c        0     1                 .L0 
80200280 80200280        0     1                 .L0 
80200280 80200280        0     1                 .L0 
80200286 80200286        0     1                 .L0 
80200288 80200288        0     1                 .L0 
80200288 80200288        0     1                 .L0 
80200288 80200288        0     1                 .L0 
80200290 80200290        0     1                 .L0 
80200292 80200292        0     1                 .L0 
80200292 80200292        0     1                 .L0 
80200292 80200292        0     1                 .L0 
8020029a 8020029a        0     1                 .L0 
8020029c 8020029c        0     1                 .L0 
8020029c 8020029c        0     1                 .L0 
8020029c 8020029c        0     1                 .L0 
802002a4 802002a4        0     1                 .L0 
802002a6 802002a6        0     1                 .L0 
802002a6 802002a6        0     1                 .L0 
802002a6 802002a6        0     1                 .L0 
802002ae 802002ae        0     1                 .L0 
802002b0 802002b0        0     1                 .L0 
802002b0 802002b0        0     1                 .L0 
802002b0 802002b0        0     1                 .L0 
802002b8 802002b8        0     1                 .L0 
802002ba 802002ba        0     1                 .L0 
802002ba 802002ba        0     1                 .L0 
802002ba 802002ba        0     1                 .L0 
802002c2 802002c2        0     1                 .L0 
802002c2 802002c2        0     1                 .L0 
802002c8 802002c8        0     1                 .L0 
802002ca 802002ca        0     1                 .L0 
802002ca 802002ca        0     1                 .L0 
802002ce 802002ce        0     1                 .L0 
802002ce 802002ce        0     1                 .L0 
802002d2 802002d2        0     1                 .L0 
802002d2 802002d2        0     1                 .L0 
802002d6 802002d6        0     1                 .L0 
802002d6 802002d6        0     1                 .L0 
802002da 802002da        0     1                 .L0 
802002da 802002da        0     1                 .L0 
802002de 802002de        0     1                 .L0 
802002de 802002de        0     1                 .L0 
802002e2 802002e2        0     1                 .L0 
802002e2 802002e2        0     1                 .L0 
802002e6 802002e6        0     1                 .L0 
802002e6 802002e6        0     1                 .L0 
802002ea 802002ea        0     1                 .L0 
802002ea 802002ea        0     1                 .L0 
802002ee 802002ee        0     1                 .L0 
802002ee 802002ee        0     1                 .L0 
802002f2 802002f2        0     1                 .L0 
802002f2 802002f2        0     1                 .L0 
802002f6 802002f6        0     1                 .L0 
802002f6 802002f6        0     1                 .L0 
802002fa 802002fa        0     1                 .L0 
802002fa 802002fa        0     1                 .L0 
802002fe 802002fe        0     1                 .L0 
80200300 80200300        0     1                 .L0 
80200300 80200300        0     1                 .L0 
80200302 80200302        0     1                 .L0 
80200304 80200304        0     1                 .L0 
80200306 80200306        0     1                 .L0 
80200306 80200306        0     1                 .L0 
80200312 80200312        0     1                 .L0 
80200312 80200312        0     1                 .L0 
80200322 80200322        0     1                 .L0 
80200322 80200322        0     1                 .L0 
80200328 80200328        0     1                 .L0 
80200328 80200328        0     1                 .L0 
80200332 80200332        0     1                 .L0 
80200332 80200332        0     1                 .L0 
80200334 80200334        0     1                 .L0 
80200338 80200338        0     1                 .L0 
80200338 80200338        0     1                 .L0 
80200338 80200338        0     1                 .L0 
8020033c 8020033c        0     1                 .L0 
80200340 80200340        0     1                 .L0 
80200344 80200344        0     1                 .L0 
80200348 80200348        0     1                 .L0 
80200350 80200350        0     1                 .L0 
80200350 80200350        0     1                 .L0 
80200352 80200352        0     1                 .L0 
80200356 80200356        0     1                 .L0 
8020035c 8020035c        0     1                 .L0 
80200360 80200360        0     1                 .L0 
80200360 80200360        0     1                 .L0 
80200360 80200360        0     1                 .L0 
80200360 80200360        0     1                 .L0 
80200360 80200360        0     1                 .L0 
80200360 80200360       60     1                 proc_a_entry
8020036c 8020036c        0     1                 .L0 
80200376 80200376        0     1                 .L0 
80200376 80200376        0     1                 .L0 
80200394 80200394        0     1                 .L0 
80200394 80200394        0     1                 .L0 
80200394 80200394        0     1                 .L0 
802003aa 802003aa        0     1                 .L0 
802003aa 802003aa        0     1                 .L0 
802003b0 802003b0        0     1                 .L0 
802003b0 802003b0        0     1                 .L0 
802003b4 802003b4        0     1                 .L0 
802003b6 802003b6        0     1                 .L0 
802003b6 802003b6        0     1                 .L0 
802003b8 802003b8        0     1                 .L0 
802003b8 802003b8        0     1                 .L0 
802003b8 802003b8        0     1                 .L0 
802003ba 802003ba        0     1                 .L0 
802003ba 802003ba        0     1                 .L0 
802003bc 802003bc        0     1                 .L0 
802003bc 802003bc        0     1                 .L0 
802003c0 802003c0        0     1                 .L0 
802003c0 802003c0        0     1                 .L0 
802003c0 802003c0        0     1                 .L0 
802003c0 802003c0        0     1                 .L0 
802003c0 802003c0        0     1                 .L0 
802003c0 802003c0        0     1                 .L0 
802003c0 802003c0       14     1                 putchar
802003d2 802003d2        0     1                 .L0 
802003d2 802003d2        0     1                 .L0 
802003d4 802003d4        0     1                 .L0 
802003d4 802003d4        0     1                 .L0 
802003d4 802003d4        0     1                 .L0 
802003d4 802003d4       50     1                 proc_b_entry
802003da 802003da        0     1                 .L0 
802003e4 802003e4        0     1                 .L0 
802003e4 802003e4        0     1                 .L0 
802003ec 802003ec        0     1                 .L0 
802003ec 802003ec        0     1                 .L0 
802003ec 802003ec        0     1                 .L0 
80200402 80200402        0     1                 .L0 
80200402 80200402        0     1                 .L0 
80200418 80200418        0     1                 .L0 
80200418 80200418        0     1                 .L0 
8020041a 8020041a        0     1                 .L0 
8020041a 8020041a        0     1                 .L0 
8020041c 8020041c        0     1                 .L0 
8020041c 8020041c        0     1                 .L0 
8020041c 8020041c        0     1                 .L0 
8020041e 8020041e        0     1                 .L0 
8020041e 8020041e        0     1                 .L0 
80200420 80200420        0     1                 .L0 
80200420 80200420        0     1                 .L0 
80200424 80200424        0     1                 .L0 
80200424 80200424        0     1                 .L0 
80200424 80200424        0     1                 .L0 
80200424 80200424        0     1                 .L0 
80200424 80200424        0     1                 .L0 
80200424 80200424        0     1                 .L0 
80200424 80200424        6     1                 sbi_call
80200428 80200428        0     1                 .L0 
80200428 80200428        0     1                 .L0 
8020042c 8020042c        0     1                 .L0 
8020042c 8020042c        0     1                 .L0 
8020042c 8020042c        0     1                 .L0 
8020042c 8020042c       90     1                 kernel_entry
802004bc 802004bc        0     1                 .L0 
802004bc 802004bc        0     1                 .L0 
802004bc 802004bc        0     1                 .L0 
802004bc 802004bc        0     1                 .L0 
802004bc 802004bc        0     1                 .L0 
802004bc 802004bc       28     1                 handle_trap
802004c0 802004c0        0     1                 .L0 
802004c0 802004c0        0     1                 .L0 
802004c4 802004c4        0     1                 .L0 
802004c4 802004c4        0     1                 .L0 
802004c8 802004c8        0     1                 .L0 
802004c8 802004c8        0     1                 .L0 
802004cc 802004cc        0     1                 .L0 
802004cc 802004cc        0     1                 .L0 
802004d0 802004d0        0     1                 .L0 
802004e2 802004e2        0     1                 .L0 
802004e2 802004e2        0     1                 .L0 
802004e4 802004e4        0     1                 .L0 
802004e4 802004e4        0     1                 .L0 
802004e4 802004e4        0     1                 .L0 
802004e4 802004e4        0     1                 .L0 
802004e4 802004e4        0     1                 .L0 
802004e4 802004e4      140     1                 kernel_main
802004f0 802004f0        0     1                 .L0 
8020050a 8020050a        0     1                 .L0 
8020050a 8020050a        0     1                 .L0 
80200512 80200512        0     1                 .L0 
80200516 80200516        0     1                 .L0 
80200516 80200516        0     1                 .L0 
8020051a 8020051a        0     1                 .L0 
80200528 80200528        0     1                 .L0 
80200528 80200528        0     1                 .L0 
8020053a 8020053a        0     1                 .L0 
8020053a 8020053a        0     1                 .L0 
8020054c 8020054c        0     1                 .L0 
8020054c 8020054c        0     1                 .L0 
80200558 80200558        0     1                 .L0 
80200558 80200558        0     1                 .L0 
80200564 80200564        0     1                 .L0 
80200564 80200564        0     1                 .L0 
80200576 80200576        0     1                 .L0 
80200576 80200576        0     1                 .L0 
80200588 80200588        0     1                 .L0 
80200588 80200588        0     1                 .L0 
8020059a 8020059a        0     1                 .L0 
8020059a 8020059a        0     1                 .L0 
8020059e 8020059e        0     1                 .L0 
8020059e 8020059e        0     1                 .L0 
802005a6 802005a6        0     1                 .L0 
802005aa 802005aa        0     1                 .L0 
802005b2 802005b2        0     1                 .L0 
802005bc 802005bc        0     1                 .L0 
802005bc 802005bc        0     1                 .L0 
802005c4 802005c4        0     1                 .L0 
802005ce 802005ce        0     1                 .L0 
802005ce 802005ce        0     1                 .L0 
802005d6 802005d6        0     1                 .L0 
802005d6 802005d6        0     1                 .L0 
802005e0 802005e0        0     1                 .L0 
802005e0 802005e0        0     1                 .L0 
802005f8 802005f8        0     1                 .L0 
802005f8 802005f8        0     1                 .L0 
802005f8 802005f8        0     1                 .L0 
8020060e 8020060e        0     1                 .L0 
8020060e 8020060e        0     1                 .L0 
80200614 80200614        0     1                 .L0 
80200614 80200614        0     1                 .L0 
80200618 80200618        0     1                 .L0 
8020061a 8020061a        0     1                 .L0 
8020061a 8020061a        0     1                 .L0 
8020061c 8020061c        0     1                 .L0 
8020061c 8020061c        0     1                 .L0 
8020061c 8020061c        0     1                 .L0 
8020061e 8020061e        0     1                 .L0 
8020061e 8020061e        0     1                 .L0 
80200620 80200620        0     1                 .L0 
80200620 80200620        0     1                 .L0 
80200624 80200624        0     1                 .L0 
80200624 80200624        0     1                 .L0 
80200624 80200624        0     1                 .L0 
80200624 80200624      21a     2         /var/folders/jz/mmnm3rv902x2tttyr_9rp1nw0000gn/T/common-d7f543.o:(.text)
80200624 80200624        0     1                 .L0 
80200624 80200624        0     1                 .L0 
80200624 80200624        0     1                 $x
80200624 80200624        0     1                 .L0 
80200624 80200624      1a6     1                 printf
80200652 80200652        0     1                 .L0 
8020067a 8020067a        0     1                 .L0 
8020067a 8020067a        0     1                 .L0 
8020067e 8020067e        0     1                 .L0 
8020067e 8020067e        0     1                 .L0 
80200680 80200680        0     1                 .L0 
80200680 80200680        0     1                 .L0 
80200684 80200684        0     1                 .L0 
8020068c 8020068c        0     1                 .L0 
8020068c 8020068c        0     1                 .L0 
8020068e 8020068e        0     1                 .L0 
8020068e 8020068e        0     1                 .L0 
80200690 80200690        0     1                 .L0 
80200692 80200692        0     1                 .L0 
80200692 80200692        0     1                 .L0 
80200696 80200696        0     1                 .L0 
80200698 80200698        0     1                 .L0 
802006a8 802006a8        0     1                 .L0 
802006a8 802006a8        0     1                 .L0 
802006b4 802006b4        0     1                 .L0 
802006b4 802006b4        0     1                 .L0 
802006b8 802006b8        0     1                 .L0 
802006b8 802006b8        0     1                 .L0 
802006ba 802006ba        0     1                 .L0 
802006c0 802006c0        0     1                 .L0 
802006c0 802006c0        0     1                 .L0 
802006c0 802006c0        0     1                 .L0 
802006c8 802006c8        0     1                 .L0 
802006c8 802006c8        0     1                 .L0 
802006d2 802006d2        0     1                 .L0 
802006d2 802006d2        0     1                 .L0 
802006d6 802006d6        0     1                 .L0 
802006d6 802006d6        0     1                 .L0 
802006d8 802006d8        0     1                 .L0 
802006dc 802006dc        0     1                 .L0 
802006de 802006de        0     1                 .L0 
802006de 802006de        0     1                 .L0 
802006e4 802006e4        0     1                 .L0 
802006e4 802006e4        0     1                 .L0 
802006e6 802006e6        0     1                 .L0 
802006ea 802006ea        0     1                 .L0 
802006ec 802006ec        0     1                 .L0 
802006ec 802006ec        0     1                 .L0 
802006f2 802006f2        0     1                 .L0 
802006f2 802006f2        0     1                 .L0 
802006f4 802006f4        0     1                 .L0 
802006f8 802006f8        0     1                 .L0 
802006fa 802006fa        0     1                 .L0 
802006fa 802006fa        0     1                 .L0 
80200700 80200700        0     1                 .L0 
80200700 80200700        0     1                 .L0 
80200702 80200702        0     1                 .L0 
80200706 80200706        0     1                 .L0 
80200708 80200708        0     1                 .L0 
80200708 80200708        0     1                 .L0 
8020070e 8020070e        0     1                 .L0 
8020070e 8020070e        0     1                 .L0 
80200710 80200710        0     1                 .L0 
80200714 80200714        0     1                 .L0 
80200716 80200716        0     1                 .L0 
80200716 80200716        0     1                 .L0 
8020071c 8020071c        0     1                 .L0 
8020071c 8020071c        0     1                 .L0 
8020071e 8020071e        0     1                 .L0 
80200722 80200722        0     1                 .L0 
80200724 80200724        0     1                 .L0 
80200724 80200724        0     1                 .L0 
8020072a 8020072a        0     1                 .L0 
8020072a 8020072a        0     1                 .L0 
8020072c 8020072c        0     1                 .L0 
80200730 80200730        0     1                 .L0 
80200732 80200732        0     1                 .L0 
80200732 80200732        0     1                 .L0 
80200734 80200734        0     1                 .L0 
80200734 80200734        0     1                 .L0 
80200736 80200736        0     1                 .L0 
8020073a 8020073a        0     1                 .L0 
8020073a 8020073a        0     1                 .L0 
8020073c 8020073c        0     1                 .L0 
8020073c 8020073c        0     1                 .L0 
8020073e 8020073e        0     1                 .L0 
80200740 80200740        0     1                 .L0 
80200740 80200740        0     1                 .L0 
80200740 80200740        0     1                 .L0 
8020074a 8020074a        0     1                 .L0 
8020074a 8020074a        0     1                 .L0 
8020074e 8020074e        0     1                 .L0 
80200754 80200754        0     1                 .L0 
80200754 80200754        0     1                 .L0 
80200754 80200754        0     1                 .L0 
8020075a 8020075a        0     1                 .L0 
8020075a 8020075a        0     1                 .L0 
8020075e 8020075e        0     1                 .L0 
80200760 80200760        0     1                 .L0 
80200764 80200764        0     1                 .L0 
80200764 80200764        0     1                 .L0 
80200764 80200764        0     1                 .L0 
8020076a 8020076a        0     1                 .L0 
8020076a 8020076a        0     1                 .L0 
8020076e 8020076e        0     1                 .L0 
8020076e 8020076e        0     1                 .L0 
80200770 80200770        0     1                 .L0 
80200774 80200774        0     1                 .L0 
80200774 80200774        0     1                 .L0 
80200776 80200776        0     1                 .L0 
80200776 80200776        0     1                 .L0 
80200776 80200776        0     1                 .L0 
8020077a 8020077a        0     1                 .L0 
8020077e 8020077e        0     1                 .L0 
80200782 80200782        0     1                 .L0 
80200782 80200782        0     1                 .L0 
80200782 80200782        0     1                 .L0 
80200784 80200784        0     1                 .L0 
80200784 80200784        0     1                 .L0 
80200788 80200788        0     1                 .L0 
8020078c 8020078c        0     1                 .L0 
80200792 80200792        0     1                 .L0 
80200792 80200792        0     1                 .L0 
8020079a 8020079a        0     1                 .L0 
802007a0 802007a0        0     1                 .L0 
802007a0 802007a0        0     1                 .L0 
802007a6 802007a6        0     1                 .L0 
802007a6 802007a6        0     1                 .L0 
802007a6 802007a6        0     1                 .L0 
802007ac 802007ac        0     1                 .L0 
802007ac 802007ac        0     1                 .L0 
802007ac 802007ac        0     1                 .L0 
802007b0 802007b0        0     1                 .L0 
802007c6 802007c6        0     1                 .L0 
802007ca 802007ca        0     1                 .L0 
802007ca 802007ca        0     1                 .L0 
802007ca 802007ca        0     1                 .L0 
802007ca 802007ca        0     1                 .L0 
802007ca 802007ca        0     1                 .L0 
802007ca 802007ca       16     1                 memset
802007ce 802007ce        0     1                 .L0 
802007ce 802007ce        0     1                 .L0 
802007d0 802007d0        0     1                 .L0 
802007d0 802007d0        0     1                 .L0 
802007d0 802007d0        0     1                 .L0 
802007d4 802007d4        0     1                 .L0 
802007d4 802007d4        0     1                 .L0 
802007d8 802007d8        0     1                 .L0 
802007da 802007da        0     1                 .L0 
802007da 802007da        0     1                 .L0 
802007de 802007de        0     1                 .L0 
802007de 802007de        0     1                 .L0 
802007de 802007de        0     1                 .L0 
802007e0 802007e0        0     1                 .L0 
802007e0 802007e0        0     1                 .L0 
802007e0 802007e0        0     1                 .L0 
802007e0 802007e0        0     1                 .L0 
802007e0 802007e0        0     1                 .L0 
802007e0 802007e0       1c     1                 memcpy
802007e4 802007e4        0     1                 .L0 
802007e4 802007e4        0     1                 .L0 
802007e6 802007e6        0     1                 .L0 
802007e6 802007e6        0     1                 .L0 
802007e6 802007e6        0     1                 .L0 
802007ea 802007ea        0     1                 .L0 
802007ec 802007ec        0     1                 .L0 
802007f0 802007f0        0     1                 .L0 
802007f0 802007f0        0     1                 .L0 
802007f4 802007f4        0     1                 .L0 
802007f6 802007f6        0     1                 .L0 
802007f6 802007f6        0     1                 .L0 
802007fa 802007fa        0     1                 .L0 
802007fa 802007fa        0     1                 .L0 
802007fa 802007fa        0     1                 .L0 
802007fc 802007fc        0     1                 .L0 
802007fc 802007fc        0     1                 .L0 
802007fc 802007fc        0     1                 .L0 
802007fc 802007fc        0     1                 .L0 
802007fc 802007fc        0     1                 .L0 
802007fc 802007fc       1a     1                 strcpy
802007fe 802007fe        0     1                 .L0 
802007fe 802007fe        0     1                 .L0 
802007fe 802007fe        0     1                 .L0 
80200802 80200802        0     1                 .L0 
80200804 80200804        0     1                 .L0 
80200808 80200808        0     1                 .L0 
80200808 80200808        0     1                 .L0 
8020080e 8020080e        0     1                 .L0 
8020080e 8020080e        0     1                 .L0 
80200810 80200810        0     1                 .L0 
80200810 80200810        0     1                 .L0 
80200810 80200810        0     1                 .L0 
80200814 80200814        0     1                 .L0 
80200816 80200816        0     1                 .L0 
80200816 80200816        0     1                 .L0 
80200816 80200816        0     1                 .L0 
80200816 80200816        0     1                 .L0 
80200816 80200816        0     1                 .L0 
80200816 80200816       28     1                 strcmp
8020081a 8020081a        0     1                 .L0 
8020081c 8020081c        0     1                 .L0 
8020081c 8020081c        0     1                 .L0 
80200820 80200820        0     1                 .L0 
80200824 80200824        0     1                 .L0 
80200828 80200828        0     1                 .L0 
8020082c 8020082c        0     1                 .L0 
8020082c 8020082c        0     1                 .L0 
8020082e 8020082e        0     1                 .L0 
80200830 80200830        0     1                 .L0 
80200834 80200834        0     1                 .L0 
80200834 80200834        0     1                 .L0 
80200834 80200834        0     1                 .L0 
80200836 80200836        0     1                 .L0 
80200836 80200836        0     1                 .L0 
80200836 80200836        0     1                 .L0 
80200838 80200838        0     1                 .L0 
8020083a 8020083a        0     1                 .L0 
8020083a 8020083a        0     1                 .L0 
8020083c 8020083c        0     1                 .L0 
8020083e 8020083e        0     1                 .L0 
8020083e 8020083e        0     1                 .L0 
8020083e 8020083e      11e     2         /var/folders/jz/mmnm3rv902x2tttyr_9rp1nw0000gn/T/page-b1a155.o:(.text)
8020083e 8020083e        0     1                 .L0 
8020083e 8020083e        0     1                 .L0 
8020083e 8020083e        0     1                 $x
8020083e 8020083e        0     1                 .L0 
8020083e 8020083e       4c     1                 alloc_pages
80200844 80200844        0     1                 .L0 
8020084c 8020084c        0     1                 .L0 
8020084c 8020084c        0     1                 .L0 
80200850 80200850        0     1                 .L0 
80200854 80200854        0     1                 .L0 
80200854 80200854        0     1                 .L0 
8020085c 8020085c        0     1                 .L0 
80200860 80200860        0     1                 .L0 
80200864 80200864        0     1                 .L0 
80200878 80200878        0     1                 .L0 
80200878 80200878        0     1                 .L0 
8020087a 8020087a        0     1                 .L0 
8020087a 8020087a        0     1                 .L0 
80200880 80200880        0     1                 .L0 
80200880 80200880        0     1                 .L0 
80200886 80200886        0     1                 .L0 
80200886 80200886        0     1                 .L0 
8020088a 8020088a        0     1                 .L0 
8020088a 8020088a        0     1                 .L0 
8020088a 8020088a        0     1                 .L0 
8020088a 8020088a        0     1                 .L0 
8020088a 8020088a        0     1                 .L0 
8020088a 8020088a       d2     1                 map_page
8020089a 8020089a        0     1                 .L0 
8020089a 8020089a        0     1                 .L0 
8020089e 8020089e        0     1                 .L0 
802008a2 802008a2        0     1                 .L0 
802008b0 802008b0        0     1                 .L0 
802008b2 802008b2        0     1                 .L0 
802008b4 802008b4        0     1                 .L0 
802008b4 802008b4        0     1                 .L0 
802008b6 802008b6        0     1                 .L0 
802008b6 802008b6        0     1                 .L0 
802008b6 802008b6        0     1                 .L0 
802008ba 802008ba        0     1                 .L0 
802008bc 802008bc        0     1                 .L0 
802008be 802008be        0     1                 .L0 
802008c2 802008c2        0     1                 .L0 
802008d0 802008d0        0     1                 .L0 
802008d2 802008d2        0     1                 .L0 
802008d4 802008d4        0     1                 .L0 
802008d4 802008d4        0     1                 .L0 
802008d6 802008d6        0     1                 .L0 
802008d6 802008d6        0     1                 .L0 
802008d6 802008d6        0     1                 .L0 
802008e2 802008e2        0     1                 .L0 
802008e2 802008e2        0     1                 .L0 
802008e6 802008e6        0     1                 .L0 
802008e8 802008e8        0     1                 .L0 
802008e8 802008e8        0     1                 .L0 
802008f0 802008f0        0     1                 .L0 
802008f0 802008f0        0     1                 .L0 
802008f2 802008f2        0     1                 .L0 
802008f4 802008f4        0     1                 .L0 
802008fc 802008fc        0     1                 .L0 
80200900 80200900        0     1                 .L0 
80200904 80200904        0     1                 .L0 
80200916 80200916        0     1                 .L0 
80200918 80200918        0     1                 .L0 
80200918 80200918        0     1                 .L0 
8020091a 8020091a        0     1                 .L0 
8020091a 8020091a        0     1                 .L0 
8020091a 8020091a        0     1                 .L0 
8020091c 8020091c        0     1                 .L0 
8020091c 8020091c        0     1                 .L0 
80200924 80200924        0     1                 .L0 
80200926 80200926        0     1                 .L0 
80200926 80200926        0     1                 .L0 
8020092a 8020092a        0     1                 .L0 
8020092a 8020092a        0     1                 .L0 
80200930 80200930        0     1                 .L0 
80200932 80200932        0     1                 .L0 
80200934 80200934        0     1                 .L0 
80200934 80200934        0     1                 .L0 
80200934 80200934        0     1                 .L0 
80200938 80200938        0     1                 .L0 
80200938 80200938        0     1                 .L0 
8020093a 8020093a        0     1                 .L0 
80200940 80200940        0     1                 .L0 
80200942 80200942        0     1                 .L0 
80200942 80200942        0     1                 .L0 
80200946 80200946        0     1                 .L0 
8020094a 8020094a        0     1                 .L0 
8020094a 8020094a        0     1                 .L0 
80200958 80200958        0     1                 .L0 
8020095c 8020095c        0     1                 .L0 
8020095c 8020095c        0     1                 .L0 
8020095c 8020095c        0     1 __text_end = .
8020095c 8020095c      1ad     4 .rodata
8020095c 8020095c      1ad     1         <internal>:(.rodata.str1.1)
80200b09 80200b09        0     1 __rodata_end = .
80200b09 80200b09        0     1 __data_end = .
80200b0c 80200b0c        4     4 .sdata
80200b0c 80200b0c        4     4         /var/folders/jz/mmnm3rv902x2tttyr_9rp1nw0000gn/T/page-b1a155.o:(.sdata)
80200b0c 80200b0c        4     1                 alloc_pages.next_paddr
80200b0c 80200b0c        0     1                 $d
80200b10 80200b10    10090     4 .bss
80200b10 80200b10        0     1         __bss = .
80200b10 80200b10       10     4         /var/folders/jz/mmnm3rv902x2tttyr_9rp1nw0000gn/T/kernel-f16351.o:(.sbss)
80200b10 80200b10        0     1                 $d
80200b10 80200b10        4     1                 idle_process
80200b14 80200b14        4     1                 current_process
80200b18 80200b18        4     1                 proc_a
80200b1c 80200b1c        4     1                 proc_b
80200b20 80200b20    10080     4         /var/folders/jz/mmnm3rv902x2tttyr_9rp1nw0000gn/T/kernel-f16351.o:(.bss)
80200b20 80200b20        0     1                 $d
80200b20 80200b20    10080     1                 procs
80210ba0 80210ba0        0     1         __bss_end = .
80210ba0 80210ba0        0     1 . = ALIGN ( 4 )
80210ba0 80210ba0    20000     1 . += 128 * 1024
80230ba0 80230ba0        0     1 __stack_top = .
80230ba0 80230ba0      460     1 . = ALIGN ( 4096 )
80231000 80231000        0     1 __free_ram = .
80231000 80231000  4000000     1 . += 64 * 1024 * 1024
84231000 84231000        0     1 __free_ram_end = .
       0        0      693     1 .debug_loclists
       0        0      407     1         /var/folders/jz/mmnm3rv902x2tttyr_9rp1nw0000gn/T/kernel-f16351.o:(.debug_loclists)
       0        0        0     1                 $d
       c        c        0     1                 .L0 
     407      407      1d3     1         /var/folders/jz/mmnm3rv902x2tttyr_9rp1nw0000gn/T/common-d7f543.o:(.debug_loclists)
     407      407        0     1                 $d
     413      413        0     1                 .L0 
     5da      5da       b9     1         /var/folders/jz/mmnm3rv902x2tttyr_9rp1nw0000gn/T/page-b1a155.o:(.debug_loclists)
     5da      5da        0     1                 $d
     5e6      5e6        0     1                 .L0 
       0        0      53a     1 .debug_abbrev
       0        0      2b0     1         /var/folders/jz/mmnm3rv902x2tttyr_9rp1nw0000gn/T/kernel-f16351.o:(.debug_abbrev)
       0        0        0     1                 $d
     2b0      2b0      12d     1         /var/folders/jz/mmnm3rv902x2tttyr_9rp1nw0000gn/T/common-d7f543.o:(.debug_abbrev)
     2b0      2b0        0     1                 $d
     3dd      3dd      15d     1         /var/folders/jz/mmnm3rv902x2tttyr_9rp1nw0000gn/T/page-b1a155.o:(.debug_abbrev)
     3dd      3dd        0     1                 $d
       0        0      de2     1 .debug_info
       0        0      a19     1         /var/folders/jz/mmnm3rv902x2tttyr_9rp1nw0000gn/T/kernel-f16351.o:(.debug_info)
       0        0        0     1                 $d
     a19      a19      22a     1         /var/folders/jz/mmnm3rv902x2tttyr_9rp1nw0000gn/T/common-d7f543.o:(.debug_info)
     a19      a19        0     1                 $d
     c43      c43      19f     1         /var/folders/jz/mmnm3rv902x2tttyr_9rp1nw0000gn/T/page-b1a155.o:(.debug_info)
     c43      c43        0     1                 $d
       0        0       4f     1 .debug_rnglists
       0        0       34     1         /var/folders/jz/mmnm3rv902x2tttyr_9rp1nw0000gn/T/kernel-f16351.o:(.debug_rnglists)
       0        0        0     1                 $d
       c        c        0     1                 .L0 
      34       34       1b     1         /var/folders/jz/mmnm3rv902x2tttyr_9rp1nw0000gn/T/common-d7f543.o:(.debug_rnglists)
      34       34        0     1                 $d
      40       40        0     1                 .L0 
       0        0      28c     1 .debug_str_offsets
       0        0      194     1         /var/folders/jz/mmnm3rv902x2tttyr_9rp1nw0000gn/T/kernel-f16351.o:(.debug_str_offsets)
       0        0        0     1                 $d
       8        8        0     1                 .L0 
     194      194       94     1         /var/folders/jz/mmnm3rv902x2tttyr_9rp1nw0000gn/T/common-d7f543.o:(.debug_str_offsets)
     194      194        0     1                 $d
     19c      19c        0     1                 .L0 
     228      228       64     1         /var/folders/jz/mmnm3rv902x2tttyr_9rp1nw0000gn/T/page-b1a155.o:(.debug_str_offsets)
     228      228        0     1                 $d
     230      230        0     1                 .L0 
       0        0      353     1 .debug_str
       0        0      353     1         <internal>:(.debug_str)
       0        0      1c0     1 .debug_addr
       0        0      120     1         /var/folders/jz/mmnm3rv902x2tttyr_9rp1nw0000gn/T/kernel-f16351.o:(.debug_addr)
       0        0        0     1                 $d
       8        8        0     1                 .L0 
     120      120       60     1         /var/folders/jz/mmnm3rv902x2tttyr_9rp1nw0000gn/T/common-d7f543.o:(.debug_addr)
     120      120        0     1                 $d
     128      128        0     1                 .L0 
     180      180       40     1         /var/folders/jz/mmnm3rv902x2tttyr_9rp1nw0000gn/T/page-b1a155.o:(.debug_addr)
     180      180        0     1                 $d
     188      188        0     1                 .L0 
       0        0       3b     1 .comment
       0        0       3b     1         <internal>:(.comment)
       0        0       34     1 .riscv.attributes
       0        0       34     1         <internal>:(.riscv.attributes)
       0        0      1ec     4 .debug_frame
       0        0      11c     4         /var/folders/jz/mmnm3rv902x2tttyr_9rp1nw0000gn/T/kernel-f16351.o:(.debug_frame)
       0        0        0     1                 .L0 
       0        0        0     1                 $d
     11c      11c       84     4         /var/folders/jz/mmnm3rv902x2tttyr_9rp1nw0000gn/T/common-d7f543.o:(.debug_frame)
     11c      11c        0     1                 .L0 
     11c      11c        0     1                 $d
     1a0      1a0       4c     4         /var/folders/jz/mmnm3rv902x2tttyr_9rp1nw0000gn/T/page-b1a155.o:(.debug_frame)
     1a0      1a0        0     1                 .L0 
     1a0      1a0        0     1                 $d
       0        0      c6e     1 .debug_line
       0        0      6e3     1         /var/folders/jz/mmnm3rv902x2tttyr_9rp1nw0000gn/T/kernel-f16351.o:(.debug_line)
       0        0        0     1                 .Lline_table_start0
       0        0        0     1                 $d
     6e3      6e3      3d9     1         /var/folders/jz/mmnm3rv902x2tttyr_9rp1nw0000gn/T/common-d7f543.o:(.debug_line)
     6e3      6e3        0     1                 .Lline_table_start0
     6e3      6e3        0     1                 $d
     abc      abc      1b2     1         /var/folders/jz/mmnm3rv902x2tttyr_9rp1nw0000gn/T/page-b1a155.o:(.debug_line)
     abc      abc        0     1                 .Lline_table_start0
     abc      abc        0     1                 $d
       0        0       67     1 .debug_line_str
       0        0       67     1         <internal>:(.debug_line_str)
       0        0      530     4 .symtab
       0        0      530     4         <internal>:(.symtab)
       0        0       dd     1 .shstrtab
       0        0       dd     1         <internal>:(.shstrtab)
       0        0      207     1 .strtab
       0        0      207     1         <internal>:(.strtab)
