     VMA      LMA     Size Align Out     In      Symbol
       0        0 80200000     1 . = 0x80200000
80200000 80200000      340     4 .text
80200000 80200000        e     2         /var/folders/jz/mmnm3rv902x2tttyr_9rp1nw0000gn/T/kernel-08f726.o:(.text.boot)
80200000 80200000        0     1                 .L0 
80200000 80200000        0     1                 .L0 
80200000 80200000        0     1                 $x
80200000 80200000        0     1                 .L0 
80200000 80200000        e     1                 boot
8020000e 8020000e        0     1                 .L0 
8020000e 8020000e        0     1                 .L0 
80200010 80200010      116     4         /var/folders/jz/mmnm3rv902x2tttyr_9rp1nw0000gn/T/kernel-08f726.o:(.text)
80200010 80200010        0     1                 .L0 
80200010 80200010        0     1                 .L0 
80200010 80200010        0     1                 $x
80200010 80200010        0     1                 .L0 
80200010 80200010        6     1                 sbi_call
80200014 80200014        0     1                 .L0 
80200016 80200016        0     1                 .L0 
80200016 80200016        0     1                 .L0 
80200016 80200016        0     1                 .L0 
80200016 80200016       14     1                 putchar
80200028 80200028        0     1                 .L0 
8020002c 8020002c        0     1                 .L0 
8020002c 8020002c        0     1                 .L0 
8020002c 8020002c        0     1                 .L0 
8020002c 8020002c       90     1                 kernel_entry
802000bc 802000bc        0     1                 .L0 
802000bc 802000bc        0     1                 .L0 
802000bc 802000bc        0     1                 .L0 
802000bc 802000bc        0     1                 .L0 
802000bc 802000bc        0     1                 .L0 
802000bc 802000bc       28     1                 handle_trap
802000c0 802000c0        0     1                 .L0 
802000c0 802000c0        0     1                 .L0 
802000c4 802000c4        0     1                 .L0 
802000c4 802000c4        0     1                 .L0 
802000c8 802000c8        0     1                 .L0 
802000c8 802000c8        0     1                 .L0 
802000cc 802000cc        0     1                 .L0 
802000cc 802000cc        0     1                 .L0 
802000d0 802000d0        0     1                 .L0 
802000e2 802000e2        0     1                 .L0 
802000e2 802000e2        0     1                 .L0 
802000e4 802000e4        0     1                 .L0 
802000e4 802000e4        0     1                 .L0 
802000e4 802000e4        0     1                 .L0 
802000e4 802000e4        0     1                 .L0 
802000e4 802000e4        0     1                 .L0 
802000e4 802000e4       42     1                 kernel_main
802000e8 802000e8        0     1                 .L0 
802000fe 802000fe        0     1                 .L0 
802000fe 802000fe        0     1                 .L0 
80200110 80200110        0     1                 .L0 
80200110 80200110        0     1                 .L0 
80200118 80200118        0     1                 .L0 
8020011c 8020011c        0     1                 .L0 
8020011c 8020011c        0     1                 $d
8020011c 8020011c        0     1                 .L0 
80200120 80200120        0     1                 .L0 
80200120 80200120        0     1                 .L0 
80200120 80200120        0     1                 $x
80200120 80200120        0     1                 .L0 
80200124 80200124        0     1                 .L0 
80200126 80200126        0     1                 .L0 
80200126 80200126        0     1                 .L0 
80200126 80200126      21a     2         /var/folders/jz/mmnm3rv902x2tttyr_9rp1nw0000gn/T/common-7cbcc0.o:(.text)
80200126 80200126        0     1                 .L0 
80200126 80200126        0     1                 .L0 
80200126 80200126        0     1                 $x
80200126 80200126        0     1                 .L0 
80200126 80200126      1a6     1                 printf
80200154 80200154        0     1                 .L0 
8020017c 8020017c        0     1                 .L0 
8020017c 8020017c        0     1                 .L0 
80200180 80200180        0     1                 .L0 
80200180 80200180        0     1                 .L0 
80200182 80200182        0     1                 .L0 
80200182 80200182        0     1                 .L0 
80200186 80200186        0     1                 .L0 
8020018e 8020018e        0     1                 .L0 
8020018e 8020018e        0     1                 .L0 
80200190 80200190        0     1                 .L0 
80200190 80200190        0     1                 .L0 
80200192 80200192        0     1                 .L0 
80200194 80200194        0     1                 .L0 
80200194 80200194        0     1                 .L0 
80200198 80200198        0     1                 .L0 
8020019a 8020019a        0     1                 .L0 
802001aa 802001aa        0     1                 .L0 
802001aa 802001aa        0     1                 .L0 
802001b6 802001b6        0     1                 .L0 
802001b6 802001b6        0     1                 .L0 
802001ba 802001ba        0     1                 .L0 
802001ba 802001ba        0     1                 .L0 
802001bc 802001bc        0     1                 .L0 
802001c2 802001c2        0     1                 .L0 
802001c2 802001c2        0     1                 .L0 
802001c2 802001c2        0     1                 .L0 
802001ca 802001ca        0     1                 .L0 
802001ca 802001ca        0     1                 .L0 
802001d4 802001d4        0     1                 .L0 
802001d4 802001d4        0     1                 .L0 
802001d8 802001d8        0     1                 .L0 
802001d8 802001d8        0     1                 .L0 
802001da 802001da        0     1                 .L0 
802001de 802001de        0     1                 .L0 
802001e0 802001e0        0     1                 .L0 
802001e0 802001e0        0     1                 .L0 
802001e6 802001e6        0     1                 .L0 
802001e6 802001e6        0     1                 .L0 
802001e8 802001e8        0     1                 .L0 
802001ec 802001ec        0     1                 .L0 
802001ee 802001ee        0     1                 .L0 
802001ee 802001ee        0     1                 .L0 
802001f4 802001f4        0     1                 .L0 
802001f4 802001f4        0     1                 .L0 
802001f6 802001f6        0     1                 .L0 
802001fa 802001fa        0     1                 .L0 
802001fc 802001fc        0     1                 .L0 
802001fc 802001fc        0     1                 .L0 
80200202 80200202        0     1                 .L0 
80200202 80200202        0     1                 .L0 
80200204 80200204        0     1                 .L0 
80200208 80200208        0     1                 .L0 
8020020a 8020020a        0     1                 .L0 
8020020a 8020020a        0     1                 .L0 
80200210 80200210        0     1                 .L0 
80200210 80200210        0     1                 .L0 
80200212 80200212        0     1                 .L0 
80200216 80200216        0     1                 .L0 
80200218 80200218        0     1                 .L0 
80200218 80200218        0     1                 .L0 
8020021e 8020021e        0     1                 .L0 
8020021e 8020021e        0     1                 .L0 
80200220 80200220        0     1                 .L0 
80200224 80200224        0     1                 .L0 
80200226 80200226        0     1                 .L0 
80200226 80200226        0     1                 .L0 
8020022c 8020022c        0     1                 .L0 
8020022c 8020022c        0     1                 .L0 
8020022e 8020022e        0     1                 .L0 
80200232 80200232        0     1                 .L0 
80200234 80200234        0     1                 .L0 
80200234 80200234        0     1                 .L0 
80200236 80200236        0     1                 .L0 
80200236 80200236        0     1                 .L0 
80200238 80200238        0     1                 .L0 
8020023c 8020023c        0     1                 .L0 
8020023c 8020023c        0     1                 .L0 
8020023e 8020023e        0     1                 .L0 
8020023e 8020023e        0     1                 .L0 
80200240 80200240        0     1                 .L0 
80200242 80200242        0     1                 .L0 
80200242 80200242        0     1                 .L0 
80200242 80200242        0     1                 .L0 
8020024c 8020024c        0     1                 .L0 
8020024c 8020024c        0     1                 .L0 
80200250 80200250        0     1                 .L0 
80200256 80200256        0     1                 .L0 
80200256 80200256        0     1                 .L0 
80200256 80200256        0     1                 .L0 
8020025c 8020025c        0     1                 .L0 
8020025c 8020025c        0     1                 .L0 
80200260 80200260        0     1                 .L0 
80200262 80200262        0     1                 .L0 
80200266 80200266        0     1                 .L0 
80200266 80200266        0     1                 .L0 
80200266 80200266        0     1                 .L0 
8020026c 8020026c        0     1                 .L0 
8020026c 8020026c        0     1                 .L0 
80200270 80200270        0     1                 .L0 
80200270 80200270        0     1                 .L0 
80200272 80200272        0     1                 .L0 
80200276 80200276        0     1                 .L0 
80200276 80200276        0     1                 .L0 
80200278 80200278        0     1                 .L0 
80200278 80200278        0     1                 .L0 
80200278 80200278        0     1                 .L0 
8020027c 8020027c        0     1                 .L0 
80200280 80200280        0     1                 .L0 
80200284 80200284        0     1                 .L0 
80200284 80200284        0     1                 .L0 
80200284 80200284        0     1                 .L0 
80200286 80200286        0     1                 .L0 
80200286 80200286        0     1                 .L0 
8020028a 8020028a        0     1                 .L0 
8020028e 8020028e        0     1                 .L0 
80200294 80200294        0     1                 .L0 
80200294 80200294        0     1                 .L0 
8020029c 8020029c        0     1                 .L0 
802002a2 802002a2        0     1                 .L0 
802002a2 802002a2        0     1                 .L0 
802002a8 802002a8        0     1                 .L0 
802002a8 802002a8        0     1                 .L0 
802002a8 802002a8        0     1                 .L0 
802002ae 802002ae        0     1                 .L0 
802002ae 802002ae        0     1                 .L0 
802002ae 802002ae        0     1                 .L0 
802002b2 802002b2        0     1                 .L0 
802002c8 802002c8        0     1                 .L0 
802002cc 802002cc        0     1                 .L0 
802002cc 802002cc        0     1                 .L0 
802002cc 802002cc        0     1                 .L0 
802002cc 802002cc        0     1                 .L0 
802002cc 802002cc        0     1                 .L0 
802002cc 802002cc       16     1                 memset
802002d0 802002d0        0     1                 .L0 
802002d0 802002d0        0     1                 .L0 
802002d2 802002d2        0     1                 .L0 
802002d2 802002d2        0     1                 .L0 
802002d2 802002d2        0     1                 .L0 
802002d6 802002d6        0     1                 .L0 
802002d6 802002d6        0     1                 .L0 
802002da 802002da        0     1                 .L0 
802002dc 802002dc        0     1                 .L0 
802002dc 802002dc        0     1                 .L0 
802002e0 802002e0        0     1                 .L0 
802002e0 802002e0        0     1                 .L0 
802002e0 802002e0        0     1                 .L0 
802002e2 802002e2        0     1                 .L0 
802002e2 802002e2        0     1                 .L0 
802002e2 802002e2        0     1                 .L0 
802002e2 802002e2        0     1                 .L0 
802002e2 802002e2        0     1                 .L0 
802002e2 802002e2       1c     1                 memcpy
802002e6 802002e6        0     1                 .L0 
802002e6 802002e6        0     1                 .L0 
802002e8 802002e8        0     1                 .L0 
802002e8 802002e8        0     1                 .L0 
802002e8 802002e8        0     1                 .L0 
802002ec 802002ec        0     1                 .L0 
802002ee 802002ee        0     1                 .L0 
802002f2 802002f2        0     1                 .L0 
802002f2 802002f2        0     1                 .L0 
802002f6 802002f6        0     1                 .L0 
802002f8 802002f8        0     1                 .L0 
802002f8 802002f8        0     1                 .L0 
802002fc 802002fc        0     1                 .L0 
802002fc 802002fc        0     1                 .L0 
802002fc 802002fc        0     1                 .L0 
802002fe 802002fe        0     1                 .L0 
802002fe 802002fe        0     1                 .L0 
802002fe 802002fe        0     1                 .L0 
802002fe 802002fe        0     1                 .L0 
802002fe 802002fe        0     1                 .L0 
802002fe 802002fe       1a     1                 strcpy
80200300 80200300        0     1                 .L0 
80200300 80200300        0     1                 .L0 
80200300 80200300        0     1                 .L0 
80200304 80200304        0     1                 .L0 
80200306 80200306        0     1                 .L0 
8020030a 8020030a        0     1                 .L0 
8020030a 8020030a        0     1                 .L0 
80200310 80200310        0     1                 .L0 
80200310 80200310        0     1                 .L0 
80200312 80200312        0     1                 .L0 
80200312 80200312        0     1                 .L0 
80200312 80200312        0     1                 .L0 
80200316 80200316        0     1                 .L0 
80200318 80200318        0     1                 .L0 
80200318 80200318        0     1                 .L0 
80200318 80200318        0     1                 .L0 
80200318 80200318        0     1                 .L0 
80200318 80200318        0     1                 .L0 
80200318 80200318       28     1                 strcmp
8020031c 8020031c        0     1                 .L0 
8020031e 8020031e        0     1                 .L0 
8020031e 8020031e        0     1                 .L0 
80200322 80200322        0     1                 .L0 
80200326 80200326        0     1                 .L0 
8020032a 8020032a        0     1                 .L0 
8020032e 8020032e        0     1                 .L0 
8020032e 8020032e        0     1                 .L0 
80200330 80200330        0     1                 .L0 
80200332 80200332        0     1                 .L0 
80200336 80200336        0     1                 .L0 
80200336 80200336        0     1                 .L0 
80200336 80200336        0     1                 .L0 
80200338 80200338        0     1                 .L0 
80200338 80200338        0     1                 .L0 
80200338 80200338        0     1                 .L0 
8020033a 8020033a        0     1                 .L0 
8020033c 8020033c        0     1                 .L0 
8020033c 8020033c        0     1                 .L0 
8020033e 8020033e        0     1                 .L0 
80200340 80200340        0     1                 .L0 
80200340 80200340        0     1                 .L0 
80200340 80200340       68     4 .rodata
80200340 80200340       68     1         <internal>:(.rodata.str1.1)
802003a8 802003a8        0     4 .bss
802003a8 802003a8        0     1         __bss = .
802003a8 802003a8        0     1         __bss_end = .
802003a8 802003a8        0     1 . = ALIGN ( 4 )
802003a8 802003a8    20000     1 . += 128 * 1024
802203a8 802203a8        0     1 __stack_top = .
       0        0      253     1 .debug_loclists
       0        0       80     1         /var/folders/jz/mmnm3rv902x2tttyr_9rp1nw0000gn/T/kernel-08f726.o:(.debug_loclists)
       0        0        0     1                 $d
       c        c        0     1                 .L0 
      80       80      1d3     1         /var/folders/jz/mmnm3rv902x2tttyr_9rp1nw0000gn/T/common-7cbcc0.o:(.debug_loclists)
      80       80        0     1                 $d
      8c       8c        0     1                 .L0 
       0        0      2cb     1 .debug_abbrev
       0        0      19e     1         /var/folders/jz/mmnm3rv902x2tttyr_9rp1nw0000gn/T/kernel-08f726.o:(.debug_abbrev)
       0        0        0     1                 $d
     19e      19e      12d     1         /var/folders/jz/mmnm3rv902x2tttyr_9rp1nw0000gn/T/common-7cbcc0.o:(.debug_abbrev)
     19e      19e        0     1                 $d
       0        0      664     1 .debug_info
       0        0      43a     1         /var/folders/jz/mmnm3rv902x2tttyr_9rp1nw0000gn/T/kernel-08f726.o:(.debug_info)
       0        0        0     1                 $d
     43a      43a      22a     1         /var/folders/jz/mmnm3rv902x2tttyr_9rp1nw0000gn/T/common-7cbcc0.o:(.debug_info)
     43a      43a        0     1                 $d
       0        0       33     1 .debug_rnglists
       0        0       18     1         /var/folders/jz/mmnm3rv902x2tttyr_9rp1nw0000gn/T/kernel-08f726.o:(.debug_rnglists)
       0        0        0     1                 $d
       c        c        0     1                 .L0 
      18       18       1b     1         /var/folders/jz/mmnm3rv902x2tttyr_9rp1nw0000gn/T/common-7cbcc0.o:(.debug_rnglists)
      18       18        0     1                 $d
      24       24        0     1                 .L0 
       0        0      1a8     1 .debug_str_offsets
       0        0      114     1         /var/folders/jz/mmnm3rv902x2tttyr_9rp1nw0000gn/T/kernel-08f726.o:(.debug_str_offsets)
       0        0        0     1                 $d
       8        8        0     1                 .L0 
     114      114       94     1         /var/folders/jz/mmnm3rv902x2tttyr_9rp1nw0000gn/T/common-7cbcc0.o:(.debug_str_offsets)
     114      114        0     1                 $d
     11c      11c        0     1                 .L0 
       0        0      22c     1 .debug_str
       0        0      22c     1         <internal>:(.debug_str)
       0        0       a8     1 .debug_addr
       0        0       48     1         /var/folders/jz/mmnm3rv902x2tttyr_9rp1nw0000gn/T/kernel-08f726.o:(.debug_addr)
       0        0        0     1                 $d
       8        8        0     1                 .L0 
      48       48       60     1         /var/folders/jz/mmnm3rv902x2tttyr_9rp1nw0000gn/T/common-7cbcc0.o:(.debug_addr)
      48       48        0     1                 $d
      50       50        0     1                 .L0 
       0        0       3b     1 .comment
       0        0       3b     1         <internal>:(.comment)
       0        0       34     1 .riscv.attributes
       0        0       34     1         <internal>:(.riscv.attributes)
       0        0      108     4 .debug_frame
       0        0       84     4         /var/folders/jz/mmnm3rv902x2tttyr_9rp1nw0000gn/T/kernel-08f726.o:(.debug_frame)
       0        0        0     1                 .L0 
       0        0        0     1                 $d
      84       84       84     4         /var/folders/jz/mmnm3rv902x2tttyr_9rp1nw0000gn/T/common-7cbcc0.o:(.debug_frame)
      84       84        0     1                 .L0 
      84       84        0     1                 $d
       0        0      4f4     1 .debug_line
       0        0      11b     1         /var/folders/jz/mmnm3rv902x2tttyr_9rp1nw0000gn/T/kernel-08f726.o:(.debug_line)
       0        0        0     1                 .Lline_table_start0
       0        0        0     1                 $d
     11b      11b      3d9     1         /var/folders/jz/mmnm3rv902x2tttyr_9rp1nw0000gn/T/common-7cbcc0.o:(.debug_line)
     11b      11b        0     1                 .Lline_table_start0
     11b      11b        0     1                 $d
       0        0       58     1 .debug_line_str
       0        0       58     1         <internal>:(.debug_line_str)
       0        0      300     4 .symtab
       0        0      300     4         <internal>:(.symtab)
       0        0       d6     1 .shstrtab
       0        0       d6     1         <internal>:(.shstrtab)
       0        0       ea     1 .strtab
       0        0       ea     1         <internal>:(.strtab)
